d:\programs\repos\basurahero\basurahero\debug\vc143.pdb
d:\programs\repos\basurahero\basurahero\debug\.netframework,version=v4.7.2.assemblyattributes.obj
d:\programs\repos\basurahero\basurahero\debug\leaderboards.obj
d:\programs\repos\basurahero\basurahero\debug\gameover.obj
d:\programs\repos\basurahero\debug\basurahero.exe
d:\programs\repos\basurahero\debug\basurahero.pdb
d:\programs\repos\basurahero\basurahero\debug\basurahero.tlog\metagen.write.1.tlog
d:\programs\repos\basurahero\basurahero\debug\fgame.obj
d:\programs\repos\basurahero\basurahero\debug\start.obj
d:\programs\repos\basurahero\basurahero\debug\user.obj
d:\programs\repos\basurahero\basurahero\debug\basurahero.tlog\cl.command.1.tlog
d:\programs\repos\basurahero\basurahero\debug\basurahero.tlog\cl.items.tlog
d:\programs\repos\basurahero\basurahero\debug\basurahero.tlog\cl.read.1.tlog
d:\programs\repos\basurahero\basurahero\debug\basurahero.tlog\cl.write.1.tlog
d:\programs\repos\basurahero\basurahero\debug\basurahero.tlog\link.command.1.tlog
d:\programs\repos\basurahero\basurahero\debug\basurahero.tlog\link.read.1.tlog
d:\programs\repos\basurahero\basurahero\debug\basurahero.tlog\link.secondary.1.tlog
d:\programs\repos\basurahero\basurahero\debug\basurahero.tlog\link.write.1.tlog
d:\programs\repos\basurahero\basurahero\debug\basurahero.tlog\metagen.read.1.tlog
d:\programs\repos\basurahero\basurahero\debug\basurahero.tlog\resgen.command.1.tlog
d:\programs\repos\basurahero\basurahero\debug\basurahero.tlog\resgen.read.1.tlog
d:\programs\repos\basurahero\basurahero\debug\basurahero.tlog\resgen.write.1.tlog
d:\programs\repos\basurahero\basurahero\debug\basurahero.tlog\interop.mediaplayer.1.0.dll.metagen
d:\programs\repos\basurahero\basurahero\debug\basurahero.tlog\interop.wmpdxmlib.1.0.dll.metagen
d:\programs\repos\basurahero\basurahero\debug\basurahero.tlog\interop.wmplauncher.1.0.dll.metagen
d:\programs\repos\basurahero\basurahero\debug\basurahero.tlog\interop.wmplib.1.0.dll.metagen
